<?xml version="1.0" encoding="utf-8"?><testsuites name="pytest tests"><testsuite name="pytest" errors="0" failures="0" skipped="0" tests="2" time="0.287" timestamp="2025-09-29T18:35:15.473090-05:00" hostname="DESKTOP-392DMD4"><testcase classname="tests.test_principal" name="test_funcion_grande" time="0.004" /><testcase classname="tests.test_principal" name="test_division_riesgosa" time="0.002" /></testsuite></testsuites>